// Jest Snapshot v1, https://goo.gl/fbAQLP

exports[`LoginPage component should be rendered correctly 1`] = `
<div>
  <button>
    Login
  </button>
</div>
`;
